// Jest Snapshot v1, https://goo.gl/fbAQLP

exports[`<App /> Snapshot 1`] = `
<div
  className="App"
>
  <select
    onChange={[Function]}
  >
    <option>
      Poniedziałek
    </option>
    <option>
      Wtorek
    </option>
    <option>
      Środa
    </option>
    <option>
      Czwartek
    </option>
    <option>
      Piątek
    </option>
  </select>
  <select
    onChange={[Function]}
  >
    <option
      selected={false}
    >
      1A
    </option>
    <option
      selected={false}
    >
      1B
    </option>
    <option
      selected={false}
    >
      1C
    </option>
    <option
      selected={false}
    >
      1D
    </option>
    <option
      selected={false}
    >
      1E
    </option>
    <option
      selected={false}
    >
      2A
    </option>
    <option
      selected={false}
    >
      2B
    </option>
    <option
      selected={false}
    >
      2C
    </option>
    <option
      selected={false}
    >
      2D
    </option>
    <option
      selected={true}
    >
      2E
    </option>
    <option
      selected={false}
    >
      3A
    </option>
    <option
      selected={false}
    >
      3B
    </option>
    <option
      selected={false}
    >
      3C
    </option>
    <option
      selected={false}
    >
      3D
    </option>
    <option
      selected={false}
    >
      3E
    </option>
    <option
      selected={false}
    >
      3F
    </option>
    <option
      selected={false}
    >
      4A
    </option>
    <option
      selected={false}
    >
      4B
    </option>
    <option
      selected={false}
    >
      4C
    </option>
    <option
      selected={false}
    >
      4D
    </option>
    <option
      selected={false}
    >
      4E
    </option>
    <option
      selected={false}
    >
      4F
    </option>
  </select>
</div>
`;
