// Jest Snapshot v1, https://goo.gl/fbAQLP

exports[`<App /> Snapshot 1`] = `
<div
  className="App"
>
  <select
    onChange={[Function]}
    value="2E"
  >
    <option>
      1A
    </option>
    <option>
      1B
    </option>
    <option>
      1C
    </option>
    <option>
      1D
    </option>
    <option>
      1E
    </option>
    <option>
      2A
    </option>
    <option>
      2B
    </option>
    <option>
      2C
    </option>
    <option>
      2D
    </option>
    <option>
      2E
    </option>
    <option>
      3A
    </option>
    <option>
      3B
    </option>
    <option>
      3C
    </option>
    <option>
      3D
    </option>
    <option>
      3E
    </option>
    <option>
      3F
    </option>
    <option>
      4A
    </option>
    <option>
      4B
    </option>
    <option>
      4C
    </option>
    <option>
      4D
    </option>
    <option>
      4E
    </option>
    <option>
      4F
    </option>
  </select>
  <div
    id="pwa"
  >
    Install on phone
  </div>
  <h1>
    I'M WORKING
  </h1>
</div>
`;
